// Vitest Snapshot v1

exports[`Test EmptyLinesPreservePlugin > run 1`] = `
"//:line:
// This is a single line comment
//:line:
// This is another single line comment
const someTrueVariable = true;
//:line:
/*
* This is multiline comment
*
//:line:
  With some empty lines it it
*/
const someFalseVariable = false;
//:line:
//:line:
//:line:
/**
 * This is a JSDoc comment
 *
//:line:
* With some empty lines it it
*/
function someFunction(): void {
//:line:
  return ;
}
    //:line:"
`;
