// Vitest Snapshot v1, https://vitest.dev/guide/snapshot.html

exports[`Test ReRehearsalPlugin > run 1`] = `
"/**
 * This is a file with some comments added in a previous run of rehearsal
 */
import fs from 'fs';

function unusedFunction(): boolean {
  return fs.existsSync('.');
}

let unusedVariable: number;

/* This is just a second comment that should not be touch */
const unusedConst1 = null;

const unusedConst2 = null;

fs.existsSync('.'); const unusedConst3 = null;

fs.existsSync('@rehearsal');
const unusedConstWithoutCommentButWithRehearsalTagAbove =
  null;

const resultValue = something
  ?     missingVar
  :     missingVarAsWellButThisTimeWeUseVeryVeryVeryVeryVeryVeryVeryVeryVeryVeryVeryVeryLongString;"
`;
