// Vitest Snapshot v1, https://vitest.dev/guide/snapshot.html

exports[`regen > should generate correct rehearsal comments for a group of files 1`] = `
"[
  {
    \\"analysisTarget\\": \\"tmp/test3.ts\\",
    \\"type\\": 0,
    \\"ruleId\\": \\"TS2345\\",
    \\"category\\": \\"Error\\",
    \\"message\\": \\"Argument of type 'string' is not assignable to parameter of type 'number'.\\",
    \\"hint\\": \\"Argument of type 'string' is not assignable to parameter of type 'number'. Consider verifying both types, using type assertion: '('5' as string)', or using type guard: 'if ('5' instanceof string) { ... }'.\\",
    \\"hintAdded\\": true,
    \\"nodeKind\\": \\"StringLiteral\\",
    \\"nodeText\\": \\"'5'\\",
    \\"helpUrl\\": \\"https://stackoverflow.com/questions/42421501/error-ts2345-argument-of-type-t-is-not-assignable-to-parameter-of-type-objec\\",
    \\"nodeLocation\\": {
      \\"startLine\\": 6,
      \\"startColumn\\": 5,
      \\"endLine\\": 6,
      \\"endColumn\\": 8
    }
  },
  {
    \\"analysisTarget\\": \\"tmp/test3.ts\\",
    \\"type\\": 0,
    \\"ruleId\\": \\"TS6133\\",
    \\"category\\": \\"Error\\",
    \\"message\\": \\"'baz' is declared but its value is never read.\\",
    \\"hint\\": \\"The variable 'baz' is never read or used. Remove the variable or use it.\\",
    \\"hintAdded\\": true,
    \\"nodeKind\\": \\"Identifier\\",
    \\"nodeText\\": \\"baz\\",
    \\"helpUrl\\": \\"https://stackoverflow.com/search?tab=votes&q=TS6133\\",
    \\"nodeLocation\\": {
      \\"startLine\\": 9,
      \\"startColumn\\": 5,
      \\"endLine\\": 9,
      \\"endColumn\\": 8
    }
  },
  {
    \\"analysisTarget\\": \\"tmp/test3.ts\\",
    \\"type\\": 0,
    \\"ruleId\\": \\"TS2322\\",
    \\"category\\": \\"Error\\",
    \\"message\\": \\"Type 'number' is not assignable to type 'string'.\\",
    \\"hint\\": \\"The variable 'baz' has type 'string', but 'number' is assigned. Please convert 'number' to 'string' or change variable's type.\\",
    \\"hintAdded\\": true,
    \\"nodeKind\\": \\"Identifier\\",
    \\"nodeText\\": \\"baz\\",
    \\"helpUrl\\": \\"https://stackoverflow.com/questions/72139358/ts2322-type-typeof-statusenum-is-not-assignable-to-type-statusenum\\",
    \\"nodeLocation\\": {
      \\"startLine\\": 11,
      \\"startColumn\\": 1,
      \\"endLine\\": 11,
      \\"endColumn\\": 4
    }
  },
  {
    \\"analysisTarget\\": \\"tmp/test3.ts\\",
    \\"type\\": 1,
    \\"ruleId\\": \\"no-unused-vars\\",
    \\"category\\": \\"Error\\",
    \\"message\\": \\"'baz' is assigned a value but never used.\\",
    \\"hint\\": \\"'baz' is assigned a value but never used.\\",
    \\"hintAdded\\": false,
    \\"nodeKind\\": \\"Identifier\\",
    \\"nodeText\\": \\"\\",
    \\"helpUrl\\": \\"\\",
    \\"nodeLocation\\": {
      \\"startLine\\": 11,
      \\"startColumn\\": 1,
      \\"endLine\\": 11,
      \\"endColumn\\": 4
    }
  },
  {
    \\"analysisTarget\\": \\"tmp/test3.ts\\",
    \\"type\\": 1,
    \\"ruleId\\": \\"@typescript-eslint/no-unused-vars\\",
    \\"category\\": \\"Error\\",
    \\"message\\": \\"'baz' is assigned a value but never used.\\",
    \\"hint\\": \\"'baz' is assigned a value but never used.\\",
    \\"hintAdded\\": false,
    \\"nodeKind\\": \\"Identifier\\",
    \\"nodeText\\": \\"\\",
    \\"helpUrl\\": \\"\\",
    \\"nodeLocation\\": {
      \\"startLine\\": 11,
      \\"startColumn\\": 1,
      \\"endLine\\": 11,
      \\"endColumn\\": 4
    }
  }
]"
`;

exports[`regen > should report lint errors 1`] = `
"[
  {
    \\"analysisTarget\\": \\"tmp/test4.ts\\",
    \\"type\\": 1,
    \\"ruleId\\": \\"@typescript-eslint/no-explicit-any\\",
    \\"category\\": \\"Error\\",
    \\"message\\": \\"Unexpected any. Specify a different type.\\",
    \\"hint\\": \\"Unexpected any. Specify a different type.\\",
    \\"hintAdded\\": false,
    \\"nodeKind\\": \\"TSAnyKeyword\\",
    \\"nodeText\\": \\"\\",
    \\"helpUrl\\": \\"\\",
    \\"nodeLocation\\": {
      \\"startLine\\": 1,
      \\"startColumn\\": 26,
      \\"endLine\\": 1,
      \\"endColumn\\": 29
    }
  },
  {
    \\"analysisTarget\\": \\"tmp/test4.ts\\",
    \\"type\\": 1,
    \\"ruleId\\": \\"no-undef\\",
    \\"category\\": \\"Error\\",
    \\"message\\": \\"'console' is not defined.\\",
    \\"hint\\": \\"'console' is not defined.\\",
    \\"hintAdded\\": false,
    \\"nodeKind\\": \\"Identifier\\",
    \\"nodeText\\": \\"\\",
    \\"helpUrl\\": \\"\\",
    \\"nodeLocation\\": {
      \\"startLine\\": 3,
      \\"startColumn\\": 5,
      \\"endLine\\": 3,
      \\"endColumn\\": 12
    }
  },
  {
    \\"analysisTarget\\": \\"tmp/test4.ts\\",
    \\"type\\": 1,
    \\"ruleId\\": \\"no-undef\\",
    \\"category\\": \\"Error\\",
    \\"message\\": \\"'console' is not defined.\\",
    \\"hint\\": \\"'console' is not defined.\\",
    \\"hintAdded\\": false,
    \\"nodeKind\\": \\"Identifier\\",
    \\"nodeText\\": \\"\\",
    \\"helpUrl\\": \\"\\",
    \\"nodeLocation\\": {
      \\"startLine\\": 5,
      \\"startColumn\\": 5,
      \\"endLine\\": 5,
      \\"endColumn\\": 12
    }
  },
  {
    \\"analysisTarget\\": \\"tmp/test4.ts\\",
    \\"type\\": 1,
    \\"ruleId\\": \\"no-undef\\",
    \\"category\\": \\"Error\\",
    \\"message\\": \\"'console' is not defined.\\",
    \\"hint\\": \\"'console' is not defined.\\",
    \\"hintAdded\\": false,
    \\"nodeKind\\": \\"Identifier\\",
    \\"nodeText\\": \\"\\",
    \\"helpUrl\\": \\"\\",
    \\"nodeLocation\\": {
      \\"startLine\\": 7,
      \\"startColumn\\": 5,
      \\"endLine\\": 7,
      \\"endColumn\\": 12
    }
  },
  {
    \\"analysisTarget\\": \\"tmp/test4.ts\\",
    \\"type\\": 1,
    \\"ruleId\\": \\"no-undef\\",
    \\"category\\": \\"Error\\",
    \\"message\\": \\"'console' is not defined.\\",
    \\"hint\\": \\"'console' is not defined.\\",
    \\"hintAdded\\": false,
    \\"nodeKind\\": \\"Identifier\\",
    \\"nodeText\\": \\"\\",
    \\"helpUrl\\": \\"\\",
    \\"nodeLocation\\": {
      \\"startLine\\": 9,
      \\"startColumn\\": 5,
      \\"endLine\\": 9,
      \\"endColumn\\": 12
    }
  },
  {
    \\"analysisTarget\\": \\"tmp/test4.ts\\",
    \\"type\\": 1,
    \\"ruleId\\": \\"no-undef\\",
    \\"category\\": \\"Error\\",
    \\"message\\": \\"'console' is not defined.\\",
    \\"hint\\": \\"'console' is not defined.\\",
    \\"hintAdded\\": false,
    \\"nodeKind\\": \\"Identifier\\",
    \\"nodeText\\": \\"\\",
    \\"helpUrl\\": \\"\\",
    \\"nodeLocation\\": {
      \\"startLine\\": 11,
      \\"startColumn\\": 5,
      \\"endLine\\": 11,
      \\"endColumn\\": 12
    }
  },
  {
    \\"analysisTarget\\": \\"tmp/test4.ts\\",
    \\"type\\": 1,
    \\"ruleId\\": \\"no-undef\\",
    \\"category\\": \\"Error\\",
    \\"message\\": \\"'console' is not defined.\\",
    \\"hint\\": \\"'console' is not defined.\\",
    \\"hintAdded\\": false,
    \\"nodeKind\\": \\"Identifier\\",
    \\"nodeText\\": \\"\\",
    \\"helpUrl\\": \\"\\",
    \\"nodeLocation\\": {
      \\"startLine\\": 13,
      \\"startColumn\\": 5,
      \\"endLine\\": 13,
      \\"endColumn\\": 12
    }
  }
]"
`;

exports[`regen > should scan ts files but ignore js files 1`] = `"[]"`;
