// Vitest Snapshot v1, https://vitest.dev/guide/snapshot.html

exports[`Task: create-scripts > add lint:tsc in package.json 1`] = `
"[STARTED] Add package scripts
[DATA] Adding \\"lint:tsc\\" script in package.json
[SUCCESS] Add package scripts
"
`;

exports[`Task: create-scripts > replace if the script exists 1`] = `
"[STARTED] Add package scripts
[DATA] Adding \\"lint:tsc\\" script in package.json
[SUCCESS] Add package scripts
"
`;
