// Vitest Snapshot v1

exports[`Task: sequential > sequential run regen on the existing report, and run migrate on current base path and entrypoint 1`] = `
"[STARTED] Initialize
[DATA] Running migration on sequential
[SUCCESS] Initialize
[STARTED] Install dependencies
[DATA] Installing devDependencies: @types/node, @typescript-eslint/eslint-plugin, @typescript-eslint/parser, eslint, eslint-config-prettier, eslint-plugin-prettier, prettier, typescript
[SUCCESS] Install dependencies
[STARTED] Create tsconfig.json
[SUCCESS] Create tsconfig.json
[STARTED] Create eslint config
[DATA] Create .eslintrc.js, extending Rehearsal default eslint-related config
[SUCCESS] Create eslint config
[STARTED] Regenerating past migrate report(s), generating current migrate report and merging all reports
[DATA] processing file: /foo.ts
[DATA] processing file: /index.ts
[DATA] processing file: /depends-on-foo.ts
[TITLE] Rescanning previously migrated files based on existing report:
[TITLE] 
[TITLE]   3 ts files have been scanned
[TITLE] 
[TITLE]   4 errors caught by rehearsal, and will be merged into the migration report
[TITLE] 
[TITLE]     
[DATA] processing file: /foo.ts
[DATA] processing file: /index.ts
[TITLE] Migration Complete
[TITLE] 
[TITLE] 
[TITLE]   2 JS files converted to TS
[TITLE] 
[TITLE]   6 errors caught by rehearsal
[TITLE] 
[TITLE]   4 have been fixed by rehearsal
[TITLE] 
[TITLE]   2 errors need to be fixed manually
[TITLE] 
[TITLE]     -- 1 ts errors, marked by @ts-expect-error @rehearsal TODO
[TITLE] 
[TITLE]     -- 1 eslint errors, with details in the report
[TITLE] 
[SUCCESS] Migration Complete
[SUCCESS] 
[SUCCESS] 
[SUCCESS]   2 JS files converted to TS
[SUCCESS] 
[SUCCESS]   6 errors caught by rehearsal
[SUCCESS] 
[SUCCESS]   4 have been fixed by rehearsal
[SUCCESS] 
[SUCCESS]   2 errors need to be fixed manually
[SUCCESS] 
[SUCCESS]     -- 1 ts errors, marked by @ts-expect-error @rehearsal TODO
[SUCCESS] 
[SUCCESS]     -- 1 eslint errors, with details in the report
[SUCCESS] 
"
`;
